// Jest Snapshot v1, https://goo.gl/fbAQLP

exports[`Can use the build output plugin 1`] = `
"
                  
   result table   
                  
✔ Compiled Successfully in 100ms
┌───────────────────────────────────────────────────────────────────┬──────────┐
│                                                              File │ Size     │
├───────────────────────────────────────────────────────────────────┼──────────┤
│                                                          index.js │ 20 bytes │
└───────────────────────────────────────────────────────────────────┴──────────┘"
`;
