// Jest Snapshot v1, https://goo.gl/fbAQLP

exports[`Can use the build output plugin 1`] = `
"
              
   heh cool   
              
✔ Compiled Successfully in 218ms
┌──────────────────────────────────────────────────────────────────────────────────────┬────────────┐
│                                                                                 File │ Size       │
├──────────────────────────────────────────────────────────────────────────────────────┼────────────┤
│                                                                             index.js │ 20.0 bytes │
└──────────────────────────────────────────────────────────────────────────────────────┴────────────┘"
`;
