// Jest Snapshot v1, https://goo.gl/fbAQLP

exports[`Can use the build output plugin 1`] = `
Array [
  Object {
    "text": "result table",
    "type": "heading",
  },
  Object {
    "text": "Compiled Successfully in 100ms",
    "type": "success",
  },
  Object {
    "text": "┌───────────────────────────────────────────────────────────────────┬──────────┐
│                                                              File │ Size     │
├───────────────────────────────────────────────────────────────────┼──────────┤
│                                                          index.js │ 20 bytes │
└───────────────────────────────────────────────────────────────────┴──────────┘",
    "type": "write",
  },
]
`;
